[33m>[39m Building...
[32m√[39m Building...
[1mInitial chunk files[22m[2m | [22m[1mNames[22m              [2m | [22m [1mRaw size[22m
[32mmain.js[39m            [2m | [22m[2mmain[22m               [2m | [22m [36m45.81 kB[39m[2m | [22m
[32mstyles.css[39m         [2m | [22m[2mstyles[22m             [2m | [22m [36m11.06 kB[39m[2m | [22m
[32mchunk-BAVPKKZG.js[39m  [2m | [22m[2m-[22m                  [2m | [22m  [36m7.82 kB[39m[2m | [22m
[32mchunk-AGPNSAZA.js[39m  [2m | [22m[2m-[22m                  [2m | [22m  [36m6.05 kB[39m[2m | [22m
[32mchunk-QRVWMAB5.js[39m  [2m | [22m[2m-[22m                  [2m | [22m  [36m4.63 kB[39m[2m | [22m
[32mchunk-TR6A5JJ6.js[39m  [2m | [22m[2m-[22m                  [2m | [22m  [36m4.10 kB[39m[2m | [22m
[32mchunk-YMOV5DAK.js[39m  [2m | [22m[2m-[22m                  [2m | [22m  [36m3.08 kB[39m[2m | [22m
[32mchunk-QOXTHUDH.js[39m  [2m | [22m[2m-[22m                  [2m | [22m  [36m2.08 kB[39m[2m | [22m
[32mchunk-6KWG5IMD.js[39m  [2m | [22m[2m-[22m                  [2m | [22m  [36m1.75 kB[39m[2m | [22m
[32mpolyfills.js[39m       [2m | [22m[2mpolyfills[22m          [2m | [22m [36m95 bytes[39m[2m | [22m

[1m [22m                  [2m | [22m[1mInitial total[22m      [2m | [22m [1m86.47 kB[22m

[1mLazy chunk files[22m   [2m | [22m[1mNames[22m              [2m | [22m [1mRaw size[22m
[32mchunk-B5WYYJVN.js[39m  [2m | [22m[2mworkflow-designer[22m  [2m | [22m[36m552.54 kB[39m[2m | [22m
[32mchunk-IHJBQOYU.js[39m  [2m | [22m[2mexecution-detail[22m   [2m | [22m[36m101.58 kB[39m[2m | [22m
[32mchunk-Y2HUXGVD.js[39m  [2m | [22m[2mform-designer[22m      [2m | [22m [36m99.75 kB[39m[2m | [22m
[32mchunk-D5KQ4HEF.js[39m  [2m | [22m[2mplugin-list[22m        [2m | [22m [36m93.87 kB[39m[2m | [22m
[32mchunk-OR7T2AFU.js[39m  [2m | [22m[2mworkflow-list[22m      [2m | [22m [36m91.74 kB[39m[2m | [22m
[32mchunk-YQMAEQTR.js[39m  [2m | [22m[2mtask-inbox[22m         [2m | [22m [36m87.70 kB[39m[2m | [22m
[32mchunk-S4JWOWOI.js[39m  [2m | [22m[2muser-admin[22m         [2m | [22m [36m59.48 kB[39m[2m | [22m
[32mchunk-7BVAYGTS.js[39m  [2m | [22m[2mclaude-cli-settings[22m[2m | [22m [36m57.30 kB[39m[2m | [22m
[32mchunk-KDGXMPQB.js[39m  [2m | [22m[2mgroup-admin[22m        [2m | [22m [36m50.05 kB[39m[2m | [22m
[32mchunk-NPEKK3C4.js[39m  [2m | [22m[2mstorage-settings[22m   [2m | [22m [36m47.52 kB[39m[2m | [22m
[32mchunk-BQALMRHA.js[39m  [2m | [22m[2mplugin-detail[22m      [2m | [22m [36m44.25 kB[39m[2m | [22m
[32mchunk-JJPHOLTS.js[39m  [2m | [22m[2m-[22m                  [2m | [22m [36m38.15 kB[39m[2m | [22m
[32mchunk-HESQJHYB.js[39m  [2m | [22m[2mmarketplace[22m        [2m | [22m [36m34.98 kB[39m[2m | [22m
[32mchunk-GILSZ7P3.js[39m  [2m | [22m[2mexecution-list[22m     [2m | [22m [36m33.18 kB[39m[2m | [22m
[32mchunk-HYB2DY44.js[39m  [2m | [22m[2mai-provider-list[22m   [2m | [22m [36m28.86 kB[39m[2m | [22m
[2m...and 29 more lazy chunks files. Use "--verbose" to show all the files.[22m

Application bundle generation complete. [7.677 seconds] - 2026-08-26T15:54:41.946Z

Watch mode enabled. Watching for file changes...
NOTE: Raw file sizes do not reflect development server per-request transformations.
  [32m➜[39m  [1mLocal[22m:   [36mhttp://127.0.0.1:[1m4200[22m/[39m
